01:22:20 **** Incremental Build of configuration Debug for project TVC-controller ****
make -j16 all 
arm-none-eabi-gcc "../Core/Src/main.c" -mcpu=cortex-m4 -std=gnu11 -g3 -DDEBUG -DUSE_NUCLEO_64 -DUSE_HAL_DRIVER -DSTM32G491xx -c -I../Core/Inc -I../Drivers/STM32G4xx_HAL_Driver/Inc -I../Drivers/STM32G4xx_HAL_Driver/Inc/Legacy -I../Drivers/BSP/STM32G4xx_Nucleo -I../Drivers/CMSIS/Device/ST/STM32G4xx/Include -I../Drivers/CMSIS/Include -I../FATFS/Target -I../FATFS/App -I../Middlewares/Third_Party/FatFs/src -I"/home/if-himanshu/ws/TVC_FlightController/Firmware/TVC-controller/Core/Inc" -O0 -ffunction-sections -fdata-sections -Wall -fstack-usage -fcyclomatic-complexity -MMD -MP -MF"Core/Src/main.d" -MT"Core/Src/main.o" --specs=nano.specs -mfpu=fpv4-sp-d16 -mfloat-abi=hard -mthumb -o "Core/Src/main.o"
arm-none-eabi-gcc -o "TVC-controller.elf" @"objects.list"   -mcpu=cortex-m4 -T"/home/if-himanshu/ws/TVC_FlightController/Firmware/TVC-controller/STM32G491RETX_FLASH.ld" --specs=nosys.specs -Wl,-Map="TVC-controller.map" -Wl,--gc-sections -static --specs=nano.specs -mfpu=fpv4-sp-d16 -mfloat-abi=hard -mthumb -Wl,--start-group -lc -lm -Wl,--end-group
Finished building target: TVC-controller.elf
 
arm-none-eabi-size  TVC-controller.elf 
arm-none-eabi-objdump -h -S TVC-controller.elf  > "TVC-controller.list"
   text	   data	    bss	    dec	    hex	filename
  18668	     56	   2256	  20980	   51f4	TVC-controller.elf
Finished building: default.size.stdout
 
Finished building: TVC-controller.list
 
